Archive member included to satisfy reference by file (symbol)

/Applications/ARM/bin/../lib/gcc/arm-none-eabi/9.3.1/../../../../arm-none-eabi/lib/thumb/v7-m/nofp/libg_nano.a(lib_a-errno.o)
                              ./system/src/newlib/_sbrk.o (__errno)
/Applications/ARM/bin/../lib/gcc/arm-none-eabi/9.3.1/../../../../arm-none-eabi/lib/thumb/v7-m/nofp/libg_nano.a(lib_a-impure.o)
                              /Applications/ARM/bin/../lib/gcc/arm-none-eabi/9.3.1/../../../../arm-none-eabi/lib/thumb/v7-m/nofp/libg_nano.a(lib_a-errno.o) (_impure_ptr)
/Applications/ARM/bin/../lib/gcc/arm-none-eabi/9.3.1/../../../../arm-none-eabi/lib/thumb/v7-m/nofp/libg_nano.a(lib_a-strlen.o)
                              ./system/src/diag/Trace.o (strlen)
/Applications/ARM/bin/../lib/gcc/arm-none-eabi/9.3.1/../../../../arm-none-eabi/lib/thumb/v7-m/nofp/libg_nano.a(lib_a-vsnprintf.o)
                              ./system/src/diag/Trace.o (vsnprintf)
/Applications/ARM/bin/../lib/gcc/arm-none-eabi/9.3.1/../../../../arm-none-eabi/lib/thumb/v7-m/nofp/libg_nano.a(lib_a-nano-svfprintf.o)
                              /Applications/ARM/bin/../lib/gcc/arm-none-eabi/9.3.1/../../../../arm-none-eabi/lib/thumb/v7-m/nofp/libg_nano.a(lib_a-vsnprintf.o) (_svfprintf_r)
/Applications/ARM/bin/../lib/gcc/arm-none-eabi/9.3.1/../../../../arm-none-eabi/lib/thumb/v7-m/nofp/libg_nano.a(lib_a-nano-vfprintf_i.o)
                              /Applications/ARM/bin/../lib/gcc/arm-none-eabi/9.3.1/../../../../arm-none-eabi/lib/thumb/v7-m/nofp/libg_nano.a(lib_a-nano-svfprintf.o) (_printf_i)
/Applications/ARM/bin/../lib/gcc/arm-none-eabi/9.3.1/../../../../arm-none-eabi/lib/thumb/v7-m/nofp/libg_nano.a(lib_a-memchr-stub.o)
                              /Applications/ARM/bin/../lib/gcc/arm-none-eabi/9.3.1/../../../../arm-none-eabi/lib/thumb/v7-m/nofp/libg_nano.a(lib_a-nano-svfprintf.o) (memchr)
/Applications/ARM/bin/../lib/gcc/arm-none-eabi/9.3.1/../../../../arm-none-eabi/lib/thumb/v7-m/nofp/libg_nano.a(lib_a-memcpy-stub.o)
                              /Applications/ARM/bin/../lib/gcc/arm-none-eabi/9.3.1/../../../../arm-none-eabi/lib/thumb/v7-m/nofp/libg_nano.a(lib_a-nano-svfprintf.o) (memcpy)
/Applications/ARM/bin/../lib/gcc/arm-none-eabi/9.3.1/../../../../arm-none-eabi/lib/thumb/v7-m/nofp/libg_nano.a(lib_a-memmove.o)
                              /Applications/ARM/bin/../lib/gcc/arm-none-eabi/9.3.1/../../../../arm-none-eabi/lib/thumb/v7-m/nofp/libg_nano.a(lib_a-nano-svfprintf.o) (memmove)
/Applications/ARM/bin/../lib/gcc/arm-none-eabi/9.3.1/../../../../arm-none-eabi/lib/thumb/v7-m/nofp/libg_nano.a(lib_a-nano-freer.o)
                              /Applications/ARM/bin/../lib/gcc/arm-none-eabi/9.3.1/../../../../arm-none-eabi/lib/thumb/v7-m/nofp/libg_nano.a(lib_a-nano-svfprintf.o) (_free_r)
/Applications/ARM/bin/../lib/gcc/arm-none-eabi/9.3.1/../../../../arm-none-eabi/lib/thumb/v7-m/nofp/libg_nano.a(lib_a-nano-mallocr.o)
                              /Applications/ARM/bin/../lib/gcc/arm-none-eabi/9.3.1/../../../../arm-none-eabi/lib/thumb/v7-m/nofp/libg_nano.a(lib_a-nano-svfprintf.o) (_malloc_r)
/Applications/ARM/bin/../lib/gcc/arm-none-eabi/9.3.1/../../../../arm-none-eabi/lib/thumb/v7-m/nofp/libg_nano.a(lib_a-nano-reallocr.o)
                              /Applications/ARM/bin/../lib/gcc/arm-none-eabi/9.3.1/../../../../arm-none-eabi/lib/thumb/v7-m/nofp/libg_nano.a(lib_a-nano-svfprintf.o) (_realloc_r)
/Applications/ARM/bin/../lib/gcc/arm-none-eabi/9.3.1/../../../../arm-none-eabi/lib/thumb/v7-m/nofp/libg_nano.a(lib_a-sbrkr.o)
                              /Applications/ARM/bin/../lib/gcc/arm-none-eabi/9.3.1/../../../../arm-none-eabi/lib/thumb/v7-m/nofp/libg_nano.a(lib_a-nano-mallocr.o) (_sbrk_r)
/Applications/ARM/bin/../lib/gcc/arm-none-eabi/9.3.1/../../../../arm-none-eabi/lib/thumb/v7-m/nofp/libg_nano.a(lib_a-mlock.o)
                              /Applications/ARM/bin/../lib/gcc/arm-none-eabi/9.3.1/../../../../arm-none-eabi/lib/thumb/v7-m/nofp/libg_nano.a(lib_a-nano-freer.o) (__malloc_lock)
/Applications/ARM/bin/../lib/gcc/arm-none-eabi/9.3.1/../../../../arm-none-eabi/lib/thumb/v7-m/nofp/libg_nano.a(lib_a-nano-msizer.o)
                              /Applications/ARM/bin/../lib/gcc/arm-none-eabi/9.3.1/../../../../arm-none-eabi/lib/thumb/v7-m/nofp/libg_nano.a(lib_a-nano-reallocr.o) (_malloc_usable_size_r)
/Applications/ARM/bin/../lib/gcc/arm-none-eabi/9.3.1/../../../../arm-none-eabi/lib/thumb/v7-m/nofp/libg_nano.a(lib_a-lock.o)
                              /Applications/ARM/bin/../lib/gcc/arm-none-eabi/9.3.1/../../../../arm-none-eabi/lib/thumb/v7-m/nofp/libg_nano.a(lib_a-mlock.o) (__retarget_lock_acquire_recursive)

Allocating common symbols
Common symbol       size              file

__lock___atexit_recursive_mutex
                    0x1               /Applications/ARM/bin/../lib/gcc/arm-none-eabi/9.3.1/../../../../arm-none-eabi/lib/thumb/v7-m/nofp/libg_nano.a(lib_a-lock.o)
__lock___arc4random_mutex
[...]
Memory Configuration

Name             Origin             Length             Attributes
RAM              0x0000000020000000 0x0000000000005000 xrw
CCMRAM           0x0000000000000000 0x0000000000000000 xrw
FLASH            0x0000000008000000 0x0000000000020000 xr
FLASHB1          0x0000000000000000 0x0000000000000000 xr
EXTMEMB0         0x0000000000000000 0x0000000000000000 xr
EXTMEMB1         0x0000000000000000 0x0000000000000000 xr
EXTMEMB2         0x0000000000000000 0x0000000000000000 xr
EXTMEMB3         0x0000000000000000 0x0000000000000000 xr
MEMORY_ARRAY     0x0000000000000000 0x0000000000000000 xrw
*default*        0x0000000000000000 0xffffffffffffffff

Linker script and memory map

LOAD ./system/src/stm32f1-stdperiph/misc.o
LOAD ./system/src/stm32f1-stdperiph/stm32f10x_gpio.o
LOAD ./system/src/stm32f1-stdperiph/stm32f10x_rcc.o
LOAD ./system/src/newlib/_cxx.o
LOAD ./system/src/newlib/_exit.o
LOAD ./system/src/newlib/_sbrk.o
LOAD ./system/src/newlib/_startup.o
LOAD ./system/src/newlib/_syscalls.o
LOAD ./system/src/newlib/assert.o
LOAD ./system/src/diag/Trace.o
LOAD ./system/src/diag/trace_impl.o
LOAD ./system/src/cortexm/_initialize_hardware.o
LOAD ./system/src/cortexm/_reset_hardware.o
LOAD ./system/src/cortexm/exception_handlers.o
LOAD ./system/src/cmsis/system_stm32f10x.o
LOAD ./system/src/cmsis/vectors_stm32f10x.o
LOAD ./src/_write.o
LOAD ./src/main.o
LOAD /Applications/ARM/bin/../lib/gcc/arm-none-eabi/9.3.1/../../../../arm-none-eabi/lib/thumb/v7-m/nofp/libstdc++_nano.a
LOAD /Applications/ARM/bin/../lib/gcc/arm-none-eabi/9.3.1/../../../../arm-none-eabi/lib/thumb/v7-m/nofp/libm.a
START GROUP
LOAD /Applications/ARM/bin/../lib/gcc/arm-none-eabi/9.3.1/thumb/v7-m/nofp/libgcc.a
LOAD /Applications/ARM/bin/../lib/gcc/arm-none-eabi/9.3.1/../../../../arm-none-eabi/lib/thumb/v7-m/nofp/libg_nano.a
LOAD /Applications/ARM/bin/../lib/gcc/arm-none-eabi/9.3.1/../../../../arm-none-eabi/lib/thumb/v7-m/nofp/libc_nano.a
END GROUP
START GROUP
LOAD /Applications/ARM/bin/../lib/gcc/arm-none-eabi/9.3.1/thumb/v7-m/nofp/libgcc.a
LOAD /Applications/ARM/bin/../lib/gcc/arm-none-eabi/9.3.1/../../../../arm-none-eabi/lib/thumb/v7-m/nofp/libc_nano.a
END GROUP
                0x0000000020005000                __stack = (ORIGIN (RAM) + LENGTH (RAM))
                0x0000000020005000                _estack = __stack
                0x0000000000000400                __Main_Stack_Size = 0x400
                [!provide]                        PROVIDE (_Main_Stack_Size = __Main_Stack_Size)
                0x0000000020004c00                __Main_Stack_Limit = (__stack - __Main_Stack_Size)
                [!provide]                        PROVIDE (_Main_Stack_Limit = __Main_Stack_Limit)
                0x0000000000000100                _Minimum_Stack_Size = 0x100
                0x0000000020000130                PROVIDE (_Heap_Begin = _end_noinit)
                0x0000000020004c00                PROVIDE (_Heap_Limit = (__stack - __Main_Stack_Size))

.isr_vector     0x0000000008000000      0x350
 FILL mask 0xff
                0x0000000008000000                __vectors_start = ABSOLUTE (.)
                0x0000000008000000                __vectors_start__ = ABSOLUTE (.)
 *(.isr_vector)
 .isr_vector    0x0000000008000000      0x10c ./system/src/cmsis/vectors_stm32f10x.o
                0x0000000008000000                __isr_vectors
 *(.cfmconfig)
 *(.after_vectors .after_vectors.*)
 .after_vectors
                0x000000000800010c      0x114 ./system/src/newlib/_startup.o
                0x000000000800010c                _start
 .after_vectors
                0x0000000008000220      0x12c ./system/src/cortexm/exception_handlers.o
                0x0000000008000220                Reset_Handler
                0x0000000008000226                NMI_Handler
                0x000000000800022a                HardFault_Handler
                0x000000000800023e                HardFault_Handler_C
                0x000000000800029c                MemManage_Handler
                0x00000000080002a0                BusFault_Handler
                0x00000000080002b4                BusFault_Handler_C
                0x00000000080002e8                UsageFault_Handler
                0x00000000080002fc                UsageFault_Handler_C
                0x0000000008000330                SVC_Handler
                0x0000000008000334                DebugMon_Handler
                0x0000000008000338                PendSV_Handler
                0x000000000800033c                SysTick_Handler
 .after_vectors
                0x000000000800034c        0x4 ./system/src/cmsis/vectors_stm32f10x.o
                0x000000000800034c                TIM1_BRK_TIM15_IRQHandler
                0x000000000800034c                TIM8_TRG_COM_IRQHandler
                0x000000000800034c                TIM8_CC_IRQHandler
                0x000000000800034c                TIM1_CC_IRQHandler
                0x000000000800034c                TIM6_IRQHandler
                0x000000000800034c                PVD_IRQHandler
                0x000000000800034c                SDIO_IRQHandler
                0x000000000800034c                CAN2_RX1_IRQHandler
                0x000000000800034c                EXTI3_IRQHandler
                0x000000000800034c                TIM8_TRG_COM_TIM14_IRQHandler
                0x000000000800034c                TIM1_UP_TIM10_IRQHandler
                0x000000000800034c                TIM8_UP_TIM13_IRQHandler
                0x000000000800034c                EXTI0_IRQHandler
                0x000000000800034c                I2C2_EV_IRQHandler
                0x000000000800034c                CAN1_RX0_IRQHandler
                0x000000000800034c                TIM1_UP_TIM16_IRQHandler
                0x000000000800034c                CAN2_SCE_IRQHandler
                0x000000000800034c                ADC1_2_IRQHandler
                0x000000000800034c                SPI1_IRQHandler
                0x000000000800034c                TAMPER_IRQHandler
                0x000000000800034c                TIM6_DAC_IRQHandler
                0x000000000800034c                TIM1_BRK_TIM9_IRQHandler
                0x000000000800034c                CAN2_RX0_IRQHandler
                0x000000000800034c                TIM8_UP_IRQHandler
                0x000000000800034c                DMA2_Channel2_IRQHandler
                0x000000000800034c                DMA1_Channel4_IRQHandler
                0x000000000800034c                USART3_IRQHandler
                0x000000000800034c                RTC_IRQHandler
                0x000000000800034c                DMA1_Channel7_IRQHandler
                0x000000000800034c                CAN1_RX1_IRQHandler
                0x000000000800034c                UART5_IRQHandler
                0x000000000800034c                ADC3_IRQHandler
                0x000000000800034c                TIM4_IRQHandler
                0x000000000800034c                DMA2_Channel1_IRQHandler
                0x000000000800034c                I2C1_EV_IRQHandler
                0x000000000800034c                DMA1_Channel6_IRQHandler
                0x000000000800034c                UART4_IRQHandler
                0x000000000800034c                DMA2_Channel4_IRQHandler
                0x000000000800034c                TIM3_IRQHandler
                0x000000000800034c                RCC_IRQHandler
                0x000000000800034c                TIM8_BRK_TIM12_IRQHandler
                0x000000000800034c                TIM1_TRG_COM_IRQHandler
                0x000000000800034c                DMA1_Channel1_IRQHandler
                0x000000000800034c                Default_Handler
                0x000000000800034c                CEC_IRQHandler
                0x000000000800034c                EXTI15_10_IRQHandler
                0x000000000800034c                TIM14_IRQHandler
                0x000000000800034c                TIM13_IRQHandler
                0x000000000800034c                TIM12_IRQHandler
                0x000000000800034c                TIM7_IRQHandler
                0x000000000800034c                CAN2_TX_IRQHandler
                0x000000000800034c                TIM5_IRQHandler
                0x000000000800034c                EXTI9_5_IRQHandler
                0x000000000800034c                ETH_WKUP_IRQHandler
                0x000000000800034c                SPI2_IRQHandler
                0x000000000800034c                CAN1_TX_IRQHandler
                0x000000000800034c                DMA2_Channel5_IRQHandler
                0x000000000800034c                DMA1_Channel5_IRQHandler
                0x000000000800034c                EXTI4_IRQHandler
                0x000000000800034c                USB_LP_CAN1_RX0_IRQHandler
                0x000000000800034c                TIM1_TRG_COM_TIM17_IRQHandler
                0x000000000800034c                USB_HP_CAN1_TX_IRQHandler
                0x000000000800034c                DMA1_Channel3_IRQHandler
                0x000000000800034c                FSMC_IRQHandler
                0x000000000800034c                ETH_IRQHandler
                0x000000000800034c                TIM1_UP_IRQHandler
                0x000000000800034c                WWDG_IRQHandler
                0x000000000800034c                TIM2_IRQHandler
                0x000000000800034c                OTG_FS_WKUP_IRQHandler
                0x000000000800034c                TIM1_TRG_COM_TIM11_IRQHandler
                0x000000000800034c                TIM1_BRK_IRQHandler
                0x000000000800034c                EXTI1_IRQHandler
                0x000000000800034c                RTCAlarm_IRQHandler
                0x000000000800034c                DMA2_Channel4_5_IRQHandler
                0x000000000800034c                USART2_IRQHandler
                0x000000000800034c                I2C2_ER_IRQHandler
                0x000000000800034c                DMA1_Channel2_IRQHandler
                0x000000000800034c                TIM8_BRK_IRQHandler
                0x000000000800034c                CAN1_SCE_IRQHandler
                0x000000000800034c                FLASH_IRQHandler
                0x000000000800034c                USART1_IRQHandler
                0x000000000800034c                OTG_FS_IRQHandler
                0x000000000800034c                SPI3_IRQHandler
                0x000000000800034c                I2C1_ER_IRQHandler
                0x000000000800034c                USBWakeUp_IRQHandler
                0x000000000800034c                DMA2_Channel3_IRQHandler
                0x000000000800034c                EXTI2_IRQHandler

.inits          0x0000000008000350       0x28
                0x0000000008000350                __data_regions_array_start = .
                0x0000000008000350        0x4 LONG 0x8001188 LOADADDR (.data)
                0x0000000008000354        0x4 LONG 0x20000000 ADDR (.data)
                0x0000000008000358        0x4 LONG 0x20000088 (ADDR (.data) + SIZEOF (.data))
                0x000000000800035c        0x4 LONG 0x8001188 LOADADDR (.data_CCMRAM)
                0x0000000008000360        0x4 LONG 0x0 ADDR (.data_CCMRAM)
                0x0000000008000364        0x4 LONG 0x0 (ADDR (.data_CCMRAM) + SIZEOF (.data_CCMRAM))
                0x0000000008000368                __data_regions_array_end = .
                0x0000000008000368                __bss_regions_array_start = .
                0x0000000008000368        0x4 LONG 0x20000088 ADDR (.bss)
                0x000000000800036c        0x4 LONG 0x20000130 (ADDR (.bss) + SIZEOF (.bss))
                0x0000000008000370        0x4 LONG 0x0 ADDR (.bss_CCMRAM)
                0x0000000008000374        0x4 LONG 0x0 (ADDR (.bss_CCMRAM) + SIZEOF (.bss_CCMRAM))
                0x0000000008000378                __bss_regions_array_end = .
 *(.init)
 *(.fini)
                0x0000000008000378                . = ALIGN (0x4)
                0x0000000008000378                PROVIDE (__preinit_array_start = .)
 *(.preinit_array_sysinit .preinit_array_sysinit.*)
 *(.preinit_array_platform .preinit_array_platform.*)
 *(.preinit_array .preinit_array.*)
                0x0000000008000378                PROVIDE (__preinit_array_end = .)
                0x0000000008000378                . = ALIGN (0x4)
                0x0000000008000378                PROVIDE (__init_array_start = .)
 *(SORT_BY_NAME(.init_array.*))
 *(.init_array)
                0x0000000008000378                PROVIDE (__init_array_end = .)
                0x0000000008000378                . = ALIGN (0x4)
                0x0000000008000378                PROVIDE (__fini_array_start = .)
 *(SORT_BY_NAME(.fini_array.*))
 *(.fini_array)
                0x0000000008000378                PROVIDE (__fini_array_end = .)

.flashtext
 *(.flashtext .flashtext.*)

.text           0x0000000008000378      0xe0d
 *(.text .text.*)
 .text._exit    0x0000000008000378        0x2 ./system/src/newlib/_exit.o
                0x0000000008000378                _exit
 *fill*         0x000000000800037a        0x2 
 .text._sbrk    0x000000000800037c       0x44 ./system/src/newlib/_sbrk.o
                0x000000000800037c                _sbrk
 .text.__initialize_args
                0x00000000080003c0       0x10 ./system/src/newlib/_syscalls.o
                0x00000000080003c0                __initialize_args
 .text.trace_printf
                0x00000000080003d0       0x34 ./system/src/diag/Trace.o
                0x00000000080003d0                trace_printf
 .text._trace_write_semihosting_debug
                0x0000000008000404       0x60 ./system/src/diag/trace_impl.o
 .text.trace_write
                0x0000000008000464        0x8 ./system/src/diag/trace_impl.o
                0x0000000008000464                trace_write
 .text.__initialize_hardware_early
                0x000000000800046c       0x18 ./system/src/cortexm/_initialize_hardware.o
                0x000000000800046c                __initialize_hardware_early
 .text.__initialize_hardware
                0x0000000008000484        0x8 ./system/src/cortexm/_initialize_hardware.o
                0x0000000008000484                __initialize_hardware
 .text.dumpExceptionStack
                0x000000000800048c       0xf4 ./system/src/cortexm/exception_handlers.o
                0x000000000800048c                dumpExceptionStack
 .text.isSemihosting
                0x0000000008000580       0x20 ./system/src/cortexm/exception_handlers.o
                0x0000000008000580                isSemihosting
 .text.SetSysClockTo72
                0x00000000080005a0       0xc4 ./system/src/cmsis/system_stm32f10x.o
 .text.SetSysClock
                0x0000000008000664        0x8 ./system/src/cmsis/system_stm32f10x.o
 .text.SystemInit
                0x000000000800066c       0x50 ./system/src/cmsis/system_stm32f10x.o
                0x000000000800066c                SystemInit
 .text.SystemCoreClockUpdate
                0x00000000080006bc       0x94 ./system/src/cmsis/system_stm32f10x.o
                0x00000000080006bc                SystemCoreClockUpdate
 .text.main     0x0000000008000750        0x8 ./src/main.o
                0x0000000008000750                main
 .text.__errno  0x0000000008000758        0xc /Applications/ARM/bin/../lib/gcc/arm-none-eabi/9.3.1/../../../../arm-none-eabi/lib/thumb/v7-m/nofp/libg_nano.a(lib_a-errno.o)
                0x0000000008000758                __errno
 .text._vsnprintf_r
                0x0000000008000764       0x58 /Applications/ARM/bin/../lib/gcc/arm-none-eabi/9.3.1/../../../../arm-none-eabi/lib/thumb/v7-m/nofp/libg_nano.a(lib_a-vsnprintf.o)
                0x0000000008000764                _vsnprintf_r
                0x0000000008000764                _vsniprintf_r
 .text.vsnprintf
                0x00000000080007bc       0x1c /Applications/ARM/bin/../lib/gcc/arm-none-eabi/9.3.1/../../../../arm-none-eabi/lib/thumb/v7-m/nofp/libg_nano.a(lib_a-vsnprintf.o)
                0x00000000080007bc                vsnprintf
                0x00000000080007bc                vsniprintf
 .text.__ssputs_r
                0x00000000080007d8       0xb6 /Applications/ARM/bin/../lib/gcc/arm-none-eabi/9.3.1/../../../../arm-none-eabi/lib/thumb/v7-m/nofp/libg_nano.a(lib_a-nano-svfprintf.o)
                0x00000000080007d8                __ssputs_r
 *fill*         0x000000000800088e        0x2 
 .text._svfprintf_r
                0x0000000008000890      0x200 /Applications/ARM/bin/../lib/gcc/arm-none-eabi/9.3.1/../../../../arm-none-eabi/lib/thumb/v7-m/nofp/libg_nano.a(lib_a-nano-svfprintf.o)
                0x0000000008000890                _svfprintf_r
                0x0000000008000890                _svfiprintf_r
 .text._printf_common
                0x0000000008000a90       0xde /Applications/ARM/bin/../lib/gcc/arm-none-eabi/9.3.1/../../../../arm-none-eabi/lib/thumb/v7-m/nofp/libg_nano.a(lib_a-nano-vfprintf_i.o)
                0x0000000008000a90                _printf_common
 *fill*         0x0000000008000b6e        0x2 
 .text._printf_i
                0x0000000008000b70      0x24c /Applications/ARM/bin/../lib/gcc/arm-none-eabi/9.3.1/../../../../arm-none-eabi/lib/thumb/v7-m/nofp/libg_nano.a(lib_a-nano-vfprintf_i.o)
                0x0000000008000b70                _printf_i
 .text.memchr   0x0000000008000dbc       0x1c /Applications/ARM/bin/../lib/gcc/arm-none-eabi/9.3.1/../../../../arm-none-eabi/lib/thumb/v7-m/nofp/libg_nano.a(lib_a-memchr-stub.o)
                0x0000000008000dbc                memchr
 .text.memcpy   0x0000000008000dd8       0x1c /Applications/ARM/bin/../lib/gcc/arm-none-eabi/9.3.1/../../../../arm-none-eabi/lib/thumb/v7-m/nofp/libg_nano.a(lib_a-memcpy-stub.o)
                0x0000000008000dd8                memcpy
 .text.memmove  0x0000000008000df4       0x34 /Applications/ARM/bin/../lib/gcc/arm-none-eabi/9.3.1/../../../../arm-none-eabi/lib/thumb/v7-m/nofp/libg_nano.a(lib_a-memmove.o)
                0x0000000008000df4                memmove
 .text._free_r  0x0000000008000e28       0x98 /Applications/ARM/bin/../lib/gcc/arm-none-eabi/9.3.1/../../../../arm-none-eabi/lib/thumb/v7-m/nofp/libg_nano.a(lib_a-nano-freer.o)
                0x0000000008000e28                _free_r
 .text._malloc_r
                0x0000000008000ec0       0xb4 /Applications/ARM/bin/../lib/gcc/arm-none-eabi/9.3.1/../../../../arm-none-eabi/lib/thumb/v7-m/nofp/libg_nano.a(lib_a-nano-mallocr.o)
                0x0000000008000ec0                _malloc_r
 .text._realloc_r
                0x0000000008000f74       0x4c /Applications/ARM/bin/../lib/gcc/arm-none-eabi/9.3.1/../../../../arm-none-eabi/lib/thumb/v7-m/nofp/libg_nano.a(lib_a-nano-reallocr.o)
                0x0000000008000f74                _realloc_r
 .text._sbrk_r  0x0000000008000fc0       0x20 /Applications/ARM/bin/../lib/gcc/arm-none-eabi/9.3.1/../../../../arm-none-eabi/lib/thumb/v7-m/nofp/libg_nano.a(lib_a-sbrkr.o)
                0x0000000008000fc0                _sbrk_r
 .text.__malloc_lock
                0x0000000008000fe0        0xc /Applications/ARM/bin/../lib/gcc/arm-none-eabi/9.3.1/../../../../arm-none-eabi/lib/thumb/v7-m/nofp/libg_nano.a(lib_a-mlock.o)
                0x0000000008000fe0                __malloc_lock
 .text.__malloc_unlock
                0x0000000008000fec        0xc /Applications/ARM/bin/../lib/gcc/arm-none-eabi/9.3.1/../../../../arm-none-eabi/lib/thumb/v7-m/nofp/libg_nano.a(lib_a-mlock.o)
                0x0000000008000fec                __malloc_unlock
 .text._malloc_usable_size_r
                0x0000000008000ff8       0x10 /Applications/ARM/bin/../lib/gcc/arm-none-eabi/9.3.1/../../../../arm-none-eabi/lib/thumb/v7-m/nofp/libg_nano.a(lib_a-nano-msizer.o)
                0x0000000008000ff8                _malloc_usable_size_r
 .text.__retarget_lock_acquire_recursive
                0x0000000008001008        0x2 /Applications/ARM/bin/../lib/gcc/arm-none-eabi/9.3.1/../../../../arm-none-eabi/lib/thumb/v7-m/nofp/libg_nano.a(lib_a-lock.o)
                0x0000000008001008                __retarget_lock_acquire_recursive
 .text.__retarget_lock_release_recursive
                0x000000000800100a        0x2 /Applications/ARM/bin/../lib/gcc/arm-none-eabi/9.3.1/../../../../arm-none-eabi/lib/thumb/v7-m/nofp/libg_nano.a(lib_a-lock.o)
                0x000000000800100a                __retarget_lock_release_recursive
 *(.rodata .rodata.* .constdata .constdata.*)
 .rodata.dumpExceptionStack.str1.4
                0x000000000800100c      0x11a ./system/src/cortexm/exception_handlers.o
 *fill*         0x0000000008001126        0x2 
 .rodata.str1.4
                0x0000000008001128       0x2a ./system/src/cortexm/exception_handlers.o
 .rodata._svfprintf_r.str1.1
                0x0000000008001152       0x11 /Applications/ARM/bin/../lib/gcc/arm-none-eabi/9.3.1/../../../../arm-none-eabi/lib/thumb/v7-m/nofp/libg_nano.a(lib_a-nano-svfprintf.o)
 .rodata._printf_i.str1.1
                0x0000000008001163       0x22 /Applications/ARM/bin/../lib/gcc/arm-none-eabi/9.3.1/../../../../arm-none-eabi/lib/thumb/v7-m/nofp/libg_nano.a(lib_a-nano-vfprintf_i.o)
 *(vtable)
 *(.eh_frame*)
 *(.glue_7)
 .glue_7        0x0000000008001185        0x0 linker stubs
 *(.glue_7t)
 .glue_7t       0x0000000008001185        0x0 linker stubs

.vfp11_veneer   0x0000000008001188        0x0
 .vfp11_veneer  0x0000000008001188        0x0 linker stubs

.v4_bx          0x0000000008001188        0x0
 .v4_bx         0x0000000008001188        0x0 linker stubs

.iplt           0x0000000008001188        0x0
 .iplt          0x0000000008001188        0x0 ./system/src/newlib/_exit.o

.rel.dyn        0x0000000008001188        0x0
 .rel.iplt      0x0000000008001188        0x0 ./system/src/newlib/_exit.o

.ARM.extab
 *(.ARM.extab* .gnu.linkonce.armextab.*)
                0x0000000008001188                . = ALIGN (0x4)
                0x0000000008001188                __exidx_start = .

.ARM.exidx
 *(.ARM.exidx* .gnu.linkonce.armexidx.*)
                0x0000000008001188                __exidx_end = .
                0x0000000008001188                . = ALIGN (0x4)
                0x0000000008001188                _etext = .
                0x0000000008001188                __etext = .

.data_CCMRAM    0x0000000000000000        0x0 load address 0x0000000008001188
 FILL mask 0xff
 *(.data.CCMRAM .data.CCMRAM.*)
                0x0000000000000000                . = ALIGN (0x4)
                0x0000000008001188                _sidata = LOADADDR (.data)

.data           0x0000000020000000       0x88 load address 0x0000000008001188
 FILL mask 0xff
                0x0000000020000000                _sdata = .
                0x0000000020000000                __data_start__ = .
 *(.data_begin .data_begin.*)
 .data_begin    0x0000000020000000        0x4 ./system/src/newlib/_startup.o
 *(.data .data.*)
 .data.argv.4353
                0x0000000020000004        0x8 ./system/src/newlib/_syscalls.o
 .data.AHBPrescTable
                0x000000002000000c       0x10 ./system/src/cmsis/system_stm32f10x.o
                0x000000002000000c                AHBPrescTable
 .data.SystemCoreClock
                0x000000002000001c        0x4 ./system/src/cmsis/system_stm32f10x.o
                0x000000002000001c                SystemCoreClock
 .data._impure_ptr
                0x0000000020000020        0x4 /Applications/ARM/bin/../lib/gcc/arm-none-eabi/9.3.1/../../../../arm-none-eabi/lib/thumb/v7-m/nofp/libg_nano.a(lib_a-impure.o)
                0x0000000020000020                _impure_ptr
 .data.impure_data
                0x0000000020000024       0x60 /Applications/ARM/bin/../lib/gcc/arm-none-eabi/9.3.1/../../../../arm-none-eabi/lib/thumb/v7-m/nofp/libg_nano.a(lib_a-impure.o)
 *(.data_end .data_end.*)
 .data_end      0x0000000020000084        0x4 ./system/src/newlib/_startup.o
                0x0000000020000088                . = ALIGN (0x4)
                0x0000000020000088                _edata = .
                0x0000000020000088                __data_end__ = .

.igot.plt       0x0000000020000088        0x0 load address 0x0000000008001210
 .igot.plt      0x0000000020000088        0x0 ./system/src/newlib/_exit.o

.bss_CCMRAM     0x0000000000000000        0x0
 *(.bss.CCMRAM .bss.CCMRAM.*)

.bss            0x0000000020000088       0xa8
                0x0000000020000088                __bss_start__ = .
                0x0000000020000088                _sbss = .
 *(.bss_begin .bss_begin.*)
 .bss_begin     0x0000000020000088        0x4 ./system/src/newlib/_startup.o
 *(.bss .bss.*)
 .bss.current_heap_end.3985
                0x000000002000008c        0x4 ./system/src/newlib/_sbrk.o
 .bss.name.4352
                0x0000000020000090        0x1 ./system/src/newlib/_syscalls.o
 *fill*         0x0000000020000091        0x3 
 .bss.buf.5229  0x0000000020000094       0x80 ./system/src/diag/Trace.o
 .bss.__malloc_free_list
                0x0000000020000114        0x4 /Applications/ARM/bin/../lib/gcc/arm-none-eabi/9.3.1/../../../../arm-none-eabi/lib/thumb/v7-m/nofp/libg_nano.a(lib_a-nano-mallocr.o)
                0x0000000020000114                __malloc_free_list
 .bss.__malloc_sbrk_start
                0x0000000020000118        0x4 /Applications/ARM/bin/../lib/gcc/arm-none-eabi/9.3.1/../../../../arm-none-eabi/lib/thumb/v7-m/nofp/libg_nano.a(lib_a-nano-mallocr.o)
                0x0000000020000118                __malloc_sbrk_start
 *(COMMON)
 COMMON         0x000000002000011c        0x4 ./system/src/newlib/_syscalls.o
                0x000000002000011c                errno
 COMMON         0x0000000020000120        0x9 /Applications/ARM/bin/../lib/gcc/arm-none-eabi/9.3.1/../../../../arm-none-eabi/lib/thumb/v7-m/nofp/libg_nano.a(lib_a-lock.o)
                0x0000000020000120                __lock___atexit_recursive_mutex
                0x0000000020000121                __lock___arc4random_mutex
                0x0000000020000122                __lock___env_recursive_mutex
                0x0000000020000123                __lock___sinit_recursive_mutex
                0x0000000020000124                __lock___malloc_recursive_mutex
                0x0000000020000125                __lock___at_quick_exit_mutex
                0x0000000020000126                __lock___dd_hash_mutex
                0x0000000020000127                __lock___tz_mutex
                0x0000000020000128                __lock___sfp_recursive_mutex
 *(.bss_end .bss_end.*)
 *fill*         0x0000000020000129        0x3 
 .bss_end       0x000000002000012c        0x4 ./system/src/newlib/_startup.o
                0x0000000020000130                . = ALIGN (0x4)
                0x0000000020000130                __bss_end__ = .
                0x0000000020000130                _ebss = .

.noinit_CCMRAM
 *(.noinit.CCMRAM .noinit.CCMRAM.*)

.noinit         0x0000000020000130        0x0
                0x0000000020000130                _noinit = .
 *(.noinit .noinit.*)
                0x0000000020000130                . = ALIGN (0x4)
                0x0000000020000130                _end_noinit = .
                [!provide]                        PROVIDE (end = _end_noinit)
                [!provide]                        PROVIDE (_end = _end_noinit)
                [!provide]                        PROVIDE (__end = _end_noinit)
                [!provide]                        PROVIDE (__end__ = _end_noinit)

._check_stack   0x0000000020000130      0x100
                0x0000000020000230                . = (. + _Minimum_Stack_Size)
 *fill*         0x0000000020000130      0x100 

.b1text
 *(.b1text)
 *(.b1rodata)
 *(.b1rodata.*)

.eb0text
 *(.eb0text)
 *(.eb0rodata)
 *(.eb0rodata.*)

.eb1text
 *(.eb1text)
 *(.eb1rodata)
 *(.eb1rodata.*)

.eb2text
 *(.eb2text)
 *(.eb2rodata)
 *(.eb2rodata.*)

.eb3text
 *(.eb3text)
 *(.eb3rodata)
 *(.eb3rodata.*)

.stab
 *(.stab)

.stabstr
 *(.stabstr)

.stab.excl
 *(.stab.excl)

.stab.exclstr
 *(.stab.exclstr)

.stab.index
 *(.stab.index)

.stab.indexstr
 *(.stab.indexstr)

.comment        0x0000000000000000       0x4c
 *(.comment)
 .comment       0x0000000000000000       0x4c ./system/src/newlib/_exit.o
                                         0x4d (size before relaxing)
 .comment       0x000000000000004c       0x4d ./system/src/newlib/_sbrk.o
 .comment       0x000000000000004c       0x4d ./system/src/newlib/_startup.o
 .comment       0x000000000000004c       0x4d ./system/src/newlib/_syscalls.o
 .comment       0x000000000000004c       0x4d ./system/src/diag/Trace.o
 .comment       0x000000000000004c       0x4d ./system/src/diag/trace_impl.o
 .comment       0x000000000000004c       0x4d ./system/src/cortexm/_initialize_hardware.o
 .comment       0x000000000000004c       0x4d ./system/src/cortexm/exception_handlers.o
 .comment       0x000000000000004c       0x4d ./system/src/cmsis/system_stm32f10x.o
 .comment       0x000000000000004c       0x4d ./system/src/cmsis/vectors_stm32f10x.o
 .comment       0x000000000000004c       0x4d ./src/main.o

.ARM.attributes
                0x0000000000000000       0x2b
 .ARM.attributes
                0x0000000000000000       0x2d ./system/src/newlib/_exit.o
 .ARM.attributes
                0x000000000000002d       0x2d ./system/src/newlib/_sbrk.o
 .ARM.attributes
                0x000000000000005a       0x2d ./system/src/newlib/_startup.o
 .ARM.attributes
                0x0000000000000087       0x2d ./system/src/newlib/_syscalls.o
 .ARM.attributes
                0x00000000000000b4       0x2d ./system/src/diag/Trace.o
 .ARM.attributes
                0x00000000000000e1       0x2d ./system/src/diag/trace_impl.o
 .ARM.attributes
                0x000000000000010e       0x2d ./system/src/cortexm/_initialize_hardware.o
 .ARM.attributes
                0x000000000000013b       0x2d ./system/src/cortexm/exception_handlers.o
 .ARM.attributes
                0x0000000000000168       0x2d ./system/src/cmsis/system_stm32f10x.o
 .ARM.attributes
                0x0000000000000195       0x2d ./system/src/cmsis/vectors_stm32f10x.o
 .ARM.attributes
                0x00000000000001c2       0x2d ./src/main.o
 .ARM.attributes
                0x00000000000001ef       0x2d /Applications/ARM/bin/../lib/gcc/arm-none-eabi/9.3.1/../../../../arm-none-eabi/lib/thumb/v7-m/nofp/libg_nano.a(lib_a-errno.o)
 .ARM.attributes
                0x000000000000021c       0x2d /Applications/ARM/bin/../lib/gcc/arm-none-eabi/9.3.1/../../../../arm-none-eabi/lib/thumb/v7-m/nofp/libg_nano.a(lib_a-impure.o)
 .ARM.attributes
                0x0000000000000249       0x2d /Applications/ARM/bin/../lib/gcc/arm-none-eabi/9.3.1/../../../../arm-none-eabi/lib/thumb/v7-m/nofp/libg_nano.a(lib_a-vsnprintf.o)
 .ARM.attributes
                0x0000000000000276       0x2d /Applications/ARM/bin/../lib/gcc/arm-none-eabi/9.3.1/../../../../arm-none-eabi/lib/thumb/v7-m/nofp/libg_nano.a(lib_a-nano-svfprintf.o)
 .ARM.attributes
                0x00000000000002a3       0x2d /Applications/ARM/bin/../lib/gcc/arm-none-eabi/9.3.1/../../../../arm-none-eabi/lib/thumb/v7-m/nofp/libg_nano.a(lib_a-nano-vfprintf_i.o)
 .ARM.attributes
                0x00000000000002d0       0x2d /Applications/ARM/bin/../lib/gcc/arm-none-eabi/9.3.1/../../../../arm-none-eabi/lib/thumb/v7-m/nofp/libg_nano.a(lib_a-memchr-stub.o)
 .ARM.attributes
                0x00000000000002fd       0x2d /Applications/ARM/bin/../lib/gcc/arm-none-eabi/9.3.1/../../../../arm-none-eabi/lib/thumb/v7-m/nofp/libg_nano.a(lib_a-memcpy-stub.o)
 .ARM.attributes
                0x000000000000032a       0x2d /Applications/ARM/bin/../lib/gcc/arm-none-eabi/9.3.1/../../../../arm-none-eabi/lib/thumb/v7-m/nofp/libg_nano.a(lib_a-memmove.o)
 .ARM.attributes
                0x0000000000000357       0x2d /Applications/ARM/bin/../lib/gcc/arm-none-eabi/9.3.1/../../../../arm-none-eabi/lib/thumb/v7-m/nofp/libg_nano.a(lib_a-nano-freer.o)
 .ARM.attributes
                0x0000000000000384       0x2d /Applications/ARM/bin/../lib/gcc/arm-none-eabi/9.3.1/../../../../arm-none-eabi/lib/thumb/v7-m/nofp/libg_nano.a(lib_a-nano-mallocr.o)
 .ARM.attributes
                0x00000000000003b1       0x2d /Applications/ARM/bin/../lib/gcc/arm-none-eabi/9.3.1/../../../../arm-none-eabi/lib/thumb/v7-m/nofp/libg_nano.a(lib_a-nano-reallocr.o)
 .ARM.attributes
                0x00000000000003de       0x2d /Applications/ARM/bin/../lib/gcc/arm-none-eabi/9.3.1/../../../../arm-none-eabi/lib/thumb/v7-m/nofp/libg_nano.a(lib_a-sbrkr.o)
 .ARM.attributes
                0x000000000000040b       0x2d /Applications/ARM/bin/../lib/gcc/arm-none-eabi/9.3.1/../../../../arm-none-eabi/lib/thumb/v7-m/nofp/libg_nano.a(lib_a-mlock.o)
 .ARM.attributes
                0x0000000000000438       0x2d /Applications/ARM/bin/../lib/gcc/arm-none-eabi/9.3.1/../../../../arm-none-eabi/lib/thumb/v7-m/nofp/libg_nano.a(lib_a-nano-msizer.o)
 .ARM.attributes
                0x0000000000000465       0x2d /Applications/ARM/bin/../lib/gcc/arm-none-eabi/9.3.1/../../../../arm-none-eabi/lib/thumb/v7-m/nofp/libg_nano.a(lib_a-lock.o)

.debug
 *(.debug)

.line
 *(.line)

.debug_srcinfo
 *(.debug_srcinfo)

.debug_sfnames
 *(.debug_sfnames)

.debug_aranges  0x0000000000000000      0x250
 *(.debug_aranges)
 .debug_aranges
                0x0000000000000000       0x28 ./system/src/newlib/_exit.o
 .debug_aranges
                0x0000000000000028       0x20 ./system/src/newlib/_sbrk.o
 .debug_aranges
                0x0000000000000048       0x40 ./system/src/newlib/_startup.o
 .debug_aranges
                0x0000000000000088       0x30 ./system/src/newlib/_syscalls.o
 .debug_aranges
                0x00000000000000b8       0x38 ./system/src/diag/Trace.o
 .debug_aranges
                0x00000000000000f0       0x30 ./system/src/diag/trace_impl.o
 .debug_aranges
                0x0000000000000120       0x28 ./system/src/cortexm/_initialize_hardware.o
 .debug_aranges
                0x0000000000000148       0x90 ./system/src/cortexm/exception_handlers.o
 .debug_aranges
                0x00000000000001d8       0x38 ./system/src/cmsis/system_stm32f10x.o
 .debug_aranges
                0x0000000000000210       0x20 ./system/src/cmsis/vectors_stm32f10x.o
 .debug_aranges
                0x0000000000000230       0x20 ./src/main.o

.debug_pubnames
 *(.debug_pubnames)

.debug_info     0x0000000000000000     0x6099
 *(.debug_info .gnu.linkonce.wi.*)
 .debug_info    0x0000000000000000      0x9e7 ./system/src/newlib/_exit.o
 .debug_info    0x00000000000009e7      0x9d4 ./system/src/newlib/_sbrk.o
 .debug_info    0x00000000000013bb      0x4ae ./system/src/newlib/_startup.o
 .debug_info    0x0000000000001869      0xab9 ./system/src/newlib/_syscalls.o
 .debug_info    0x0000000000002322      0xbdb ./system/src/diag/Trace.o
 .debug_info    0x0000000000002efd      0x3aa ./system/src/diag/trace_impl.o
 .debug_info    0x00000000000032a7      0x2d6 ./system/src/cortexm/_initialize_hardware.o
 .debug_info    0x000000000000357d     0x127b ./system/src/cortexm/exception_handlers.o
 .debug_info    0x00000000000047f8      0x4db ./system/src/cmsis/system_stm32f10x.o
 .debug_info    0x0000000000004cd3       0xce ./system/src/cmsis/vectors_stm32f10x.o
 .debug_info    0x0000000000004da1     0x12f8 ./src/main.o

.debug_abbrev   0x0000000000000000     0x1824
 *(.debug_abbrev)
 .debug_abbrev  0x0000000000000000      0x222 ./system/src/newlib/_exit.o
 .debug_abbrev  0x0000000000000222      0x232 ./system/src/newlib/_sbrk.o
 .debug_abbrev  0x0000000000000454      0x1b1 ./system/src/newlib/_startup.o
 .debug_abbrev  0x0000000000000605      0x26d ./system/src/newlib/_syscalls.o
 .debug_abbrev  0x0000000000000872      0x2c6 ./system/src/diag/Trace.o
 .debug_abbrev  0x0000000000000b38      0x218 ./system/src/diag/trace_impl.o
 .debug_abbrev  0x0000000000000d50       0xfc ./system/src/cortexm/_initialize_hardware.o
 .debug_abbrev  0x0000000000000e4c      0x372 ./system/src/cortexm/exception_handlers.o
 .debug_abbrev  0x00000000000011be      0x19d ./system/src/cmsis/system_stm32f10x.o
 .debug_abbrev  0x000000000000135b       0xa5 ./system/src/cmsis/vectors_stm32f10x.o
 .debug_abbrev  0x0000000000001400      0x424 ./src/main.o

.debug_line     0x0000000000000000     0x3182
 *(.debug_line)
 .debug_line    0x0000000000000000      0x2d9 ./system/src/newlib/_exit.o
 .debug_line    0x00000000000002d9      0x2c3 ./system/src/newlib/_sbrk.o
 .debug_line    0x000000000000059c      0x53d ./system/src/newlib/_startup.o
 .debug_line    0x0000000000000ad9      0x3ae ./system/src/newlib/_syscalls.o
 .debug_line    0x0000000000000e87      0x3b5 ./system/src/diag/Trace.o
 .debug_line    0x000000000000123c      0x61d ./system/src/diag/trace_impl.o
 .debug_line    0x0000000000001859      0x361 ./system/src/cortexm/_initialize_hardware.o
 .debug_line    0x0000000000001bba      0x851 ./system/src/cortexm/exception_handlers.o
 .debug_line    0x000000000000240b      0x584 ./system/src/cmsis/system_stm32f10x.o
 .debug_line    0x000000000000298f       0xf3 ./system/src/cmsis/vectors_stm32f10x.o
 .debug_line    0x0000000000002a82      0x700 ./src/main.o

.debug_frame    0x0000000000000000      0x814
 *(.debug_frame)
 .debug_frame   0x0000000000000000       0x38 ./system/src/newlib/_exit.o
 .debug_frame   0x0000000000000038       0x28 ./system/src/newlib/_sbrk.o
 .debug_frame   0x0000000000000060       0x7c ./system/src/newlib/_startup.o
 .debug_frame   0x00000000000000dc       0x50 ./system/src/newlib/_syscalls.o
 .debug_frame   0x000000000000012c       0x94 ./system/src/diag/Trace.o
 .debug_frame   0x00000000000001c0       0x64 ./system/src/diag/trace_impl.o
 .debug_frame   0x0000000000000224       0x40 ./system/src/cortexm/_initialize_hardware.o
 .debug_frame   0x0000000000000264      0x158 ./system/src/cortexm/exception_handlers.o
 .debug_frame   0x00000000000003bc       0x6c ./system/src/cmsis/system_stm32f10x.o
 .debug_frame   0x0000000000000428       0x20 ./system/src/cmsis/vectors_stm32f10x.o
 .debug_frame   0x0000000000000448       0x28 ./src/main.o
 .debug_frame   0x0000000000000470       0x20 /Applications/ARM/bin/../lib/gcc/arm-none-eabi/9.3.1/../../../../arm-none-eabi/lib/thumb/v7-m/nofp/libg_nano.a(lib_a-errno.o)
 .debug_frame   0x0000000000000490       0x4c /Applications/ARM/bin/../lib/gcc/arm-none-eabi/9.3.1/../../../../arm-none-eabi/lib/thumb/v7-m/nofp/libg_nano.a(lib_a-vsnprintf.o)
 .debug_frame   0x00000000000004dc       0x90 /Applications/ARM/bin/../lib/gcc/arm-none-eabi/9.3.1/../../../../arm-none-eabi/lib/thumb/v7-m/nofp/libg_nano.a(lib_a-nano-svfprintf.o)
 .debug_frame   0x000000000000056c       0x60 /Applications/ARM/bin/../lib/gcc/arm-none-eabi/9.3.1/../../../../arm-none-eabi/lib/thumb/v7-m/nofp/libg_nano.a(lib_a-nano-vfprintf_i.o)
 .debug_frame   0x00000000000005cc       0x28 /Applications/ARM/bin/../lib/gcc/arm-none-eabi/9.3.1/../../../../arm-none-eabi/lib/thumb/v7-m/nofp/libg_nano.a(lib_a-memchr-stub.o)
 .debug_frame   0x00000000000005f4       0x28 /Applications/ARM/bin/../lib/gcc/arm-none-eabi/9.3.1/../../../../arm-none-eabi/lib/thumb/v7-m/nofp/libg_nano.a(lib_a-memcpy-stub.o)
 .debug_frame   0x000000000000061c       0x28 /Applications/ARM/bin/../lib/gcc/arm-none-eabi/9.3.1/../../../../arm-none-eabi/lib/thumb/v7-m/nofp/libg_nano.a(lib_a-memmove.o)
 .debug_frame   0x0000000000000644       0x38 /Applications/ARM/bin/../lib/gcc/arm-none-eabi/9.3.1/../../../../arm-none-eabi/lib/thumb/v7-m/nofp/libg_nano.a(lib_a-nano-freer.o)
 .debug_frame   0x000000000000067c       0x30 /Applications/ARM/bin/../lib/gcc/arm-none-eabi/9.3.1/../../../../arm-none-eabi/lib/thumb/v7-m/nofp/libg_nano.a(lib_a-nano-mallocr.o)
 .debug_frame   0x00000000000006ac       0x3c /Applications/ARM/bin/../lib/gcc/arm-none-eabi/9.3.1/../../../../arm-none-eabi/lib/thumb/v7-m/nofp/libg_nano.a(lib_a-nano-reallocr.o)
 .debug_frame   0x00000000000006e8       0x2c /Applications/ARM/bin/../lib/gcc/arm-none-eabi/9.3.1/../../../../arm-none-eabi/lib/thumb/v7-m/nofp/libg_nano.a(lib_a-sbrkr.o)
 .debug_frame   0x0000000000000714       0x30 /Applications/ARM/bin/../lib/gcc/arm-none-eabi/9.3.1/../../../../arm-none-eabi/lib/thumb/v7-m/nofp/libg_nano.a(lib_a-mlock.o)
 .debug_frame   0x0000000000000744       0x20 /Applications/ARM/bin/../lib/gcc/arm-none-eabi/9.3.1/../../../../arm-none-eabi/lib/thumb/v7-m/nofp/libg_nano.a(lib_a-nano-msizer.o)
 .debug_frame   0x0000000000000764       0xb0 /Applications/ARM/bin/../lib/gcc/arm-none-eabi/9.3.1/../../../../arm-none-eabi/lib/thumb/v7-m/nofp/libg_nano.a(lib_a-lock.o)

.debug_str      0x0000000000000000    0x5810d
 *(.debug_str)
 .debug_str     0x0000000000000000     0x7a25 ./system/src/newlib/_exit.o
                                       0x7c0d (size before relaxing)
 .debug_str     0x0000000000007a25      0x4ed ./system/src/newlib/_sbrk.o
                                       0x6fce (size before relaxing)
 .debug_str     0x0000000000007f12      0xbb4 ./system/src/newlib/_startup.o
                                       0x63e1 (size before relaxing)
 .debug_str     0x0000000000008ac6     0x1519 ./system/src/newlib/_syscalls.o
                                       0x8537 (size before relaxing)
 .debug_str     0x0000000000009fdf      0x826 ./system/src/diag/Trace.o
                                       0x8389 (size before relaxing)
 .debug_str     0x000000000000a805    0x4b2b9 ./system/src/diag/trace_impl.o
                                      0x52443 (size before relaxing)
 .debug_str     0x0000000000055abe       0xc4 ./system/src/cortexm/_initialize_hardware.o
                                      0x4e8e1 (size before relaxing)
 .debug_str     0x0000000000055b82      0x1a6 ./system/src/cortexm/exception_handlers.o
                                      0x53994 (size before relaxing)
 .debug_str     0x0000000000055d28      0x114 ./system/src/cmsis/system_stm32f10x.o
                                      0x4e97b (size before relaxing)
 .debug_str     0x0000000000055e3c       0x57 ./system/src/cmsis/vectors_stm32f10x.o
                                       0x3920 (size before relaxing)
 .debug_str     0x0000000000055e93     0x227a ./src/main.o
                                      0x54b9c (size before relaxing)

.debug_loc      0x0000000000000000      0xb4a
 *(.debug_loc)
 .debug_loc     0x0000000000000000       0x15 ./system/src/newlib/_exit.o
 .debug_loc     0x0000000000000015       0x97 ./system/src/newlib/_sbrk.o
 .debug_loc     0x00000000000000ac      0x2de ./system/src/newlib/_startup.o
 .debug_loc     0x000000000000038a       0x6f ./system/src/newlib/_syscalls.o
 .debug_loc     0x00000000000003f9      0x118 ./system/src/diag/Trace.o
 .debug_loc     0x0000000000000511      0x194 ./system/src/diag/trace_impl.o
 .debug_loc     0x00000000000006a5      0x35c ./system/src/cortexm/exception_handlers.o
 .debug_loc     0x0000000000000a01       0xff ./system/src/cmsis/system_stm32f10x.o
 .debug_loc     0x0000000000000b00       0x4a ./src/main.o

.debug_macinfo
 *(.debug_macinfo)

.debug_weaknames
 *(.debug_weaknames)

.debug_funcnames
 *(.debug_funcnames)

.debug_typenames
 *(.debug_typenames)

.debug_varnames
 *(.debug_varnames)
OUTPUT(stm32_test.elf elf32-littlearm)
LOAD linker stubs

.debug_ranges   0x0000000000000000      0x1d0
 .debug_ranges  0x0000000000000000       0x18 ./system/src/newlib/_exit.o
 .debug_ranges  0x0000000000000018       0x10 ./system/src/newlib/_sbrk.o
 .debug_ranges  0x0000000000000028       0x30 ./system/src/newlib/_startup.o
 .debug_ranges  0x0000000000000058       0x20 ./system/src/newlib/_syscalls.o
 .debug_ranges  0x0000000000000078       0x28 ./system/src/diag/Trace.o
 .debug_ranges  0x00000000000000a0       0x38 ./system/src/diag/trace_impl.o
 .debug_ranges  0x00000000000000d8       0x18 ./system/src/cortexm/_initialize_hardware.o
 .debug_ranges  0x00000000000000f0       0x98 ./system/src/cortexm/exception_handlers.o
 .debug_ranges  0x0000000000000188       0x28 ./system/src/cmsis/system_stm32f10x.o
 .debug_ranges  0x00000000000001b0       0x10 ./system/src/cmsis/vectors_stm32f10x.o
 .debug_ranges  0x00000000000001c0       0x10 ./src/main.o

.debug_macro    0x0000000000000000     0x38fc
 .debug_macro   0x0000000000000000      0x1ae ./system/src/newlib/_exit.o
 .debug_macro   0x00000000000001ae       0x34 ./system/src/newlib/_exit.o
 .debug_macro   0x00000000000001e2      0x10e ./system/src/newlib/_exit.o
 .debug_macro   0x00000000000002f0       0x8d ./system/src/newlib/_exit.o
 .debug_macro   0x000000000000037d       0x43 ./system/src/newlib/_exit.o
 .debug_macro   0x00000000000003c0      0x339 ./system/src/newlib/_exit.o
 .debug_macro   0x00000000000006f9       0x35 ./system/src/newlib/_exit.o
 .debug_macro   0x000000000000072e      0x163 ./system/src/newlib/_sbrk.o
 .debug_macro   0x0000000000000891      0x174 ./system/src/newlib/_sbrk.o
 .debug_macro   0x0000000000000a05       0x10 ./system/src/newlib/_sbrk.o
 .debug_macro   0x0000000000000a15      0x23b ./system/src/newlib/_sbrk.o
 .debug_macro   0x0000000000000c50      0x15f ./system/src/newlib/_startup.o
 .debug_macro   0x0000000000000daf      0x220 ./system/src/newlib/_syscalls.o
 .debug_macro   0x0000000000000fcf       0x1c ./system/src/newlib/_syscalls.o
 .debug_macro   0x0000000000000feb       0x10 ./system/src/newlib/_syscalls.o
 .debug_macro   0x0000000000000ffb       0x10 ./system/src/newlib/_syscalls.o
 .debug_macro   0x000000000000100b       0x10 ./system/src/newlib/_syscalls.o
 .debug_macro   0x000000000000101b       0x35 ./system/src/newlib/_syscalls.o
 .debug_macro   0x0000000000001050      0x12c ./system/src/newlib/_syscalls.o
 .debug_macro   0x000000000000117c       0xce ./system/src/newlib/_syscalls.o
 .debug_macro   0x000000000000124a       0x7c ./system/src/newlib/_syscalls.o
 .debug_macro   0x00000000000012c6       0x17 ./system/src/newlib/_syscalls.o
 .debug_macro   0x00000000000012dd      0x118 ./system/src/newlib/_syscalls.o
 .debug_macro   0x00000000000013f5      0x189 ./system/src/newlib/_syscalls.o
 .debug_macro   0x000000000000157e       0x16 ./system/src/newlib/_syscalls.o
 .debug_macro   0x0000000000001594      0x1f5 ./system/src/diag/Trace.o
 .debug_macro   0x0000000000001789       0x16 ./system/src/diag/Trace.o
 .debug_macro   0x000000000000179f       0x97 ./system/src/diag/Trace.o
 .debug_macro   0x0000000000001836       0xfd ./system/src/diag/Trace.o
 .debug_macro   0x0000000000001933       0x10 ./system/src/diag/Trace.o
 .debug_macro   0x0000000000001943       0x16 ./system/src/diag/Trace.o
 .debug_macro   0x0000000000001959      0x16f ./system/src/diag/Trace.o
 .debug_macro   0x0000000000001ac8       0x4c ./system/src/diag/Trace.o
 .debug_macro   0x0000000000001b14       0x16 ./system/src/diag/Trace.o
 .debug_macro   0x0000000000001b2a      0x2c6 ./system/src/diag/trace_impl.o
 .debug_macro   0x0000000000001df0       0x10 ./system/src/diag/trace_impl.o
 .debug_macro   0x0000000000001e00       0xcf ./system/src/diag/trace_impl.o
 .debug_macro   0x0000000000001ecf       0x20 ./system/src/diag/trace_impl.o
 .debug_macro   0x0000000000001eef       0xbe ./system/src/diag/trace_impl.o
 .debug_macro   0x0000000000001fad       0x22 ./system/src/diag/trace_impl.o
 .debug_macro   0x0000000000001fcf      0x16b ./system/src/cortexm/_initialize_hardware.o
 .debug_macro   0x000000000000213a      0x31e ./system/src/cortexm/exception_handlers.o
 .debug_macro   0x0000000000002458       0x3b ./system/src/cortexm/exception_handlers.o
 .debug_macro   0x0000000000002493       0x10 ./system/src/cortexm/exception_handlers.o
 .debug_macro   0x00000000000024a3      0x16e ./system/src/cmsis/system_stm32f10x.o
 .debug_macro   0x0000000000002611       0x34 ./system/src/cmsis/vectors_stm32f10x.o
 .debug_macro   0x0000000000002645      0x397 ./src/main.o
 .debug_macro   0x00000000000029dc       0x97 ./src/main.o
 .debug_macro   0x0000000000002a73      0x104 ./src/main.o
 .debug_macro   0x0000000000002b77      0x137 ./src/main.o
 .debug_macro   0x0000000000002cae      0xb8e ./src/main.o
 .debug_macro   0x000000000000383c       0x28 ./src/main.o
 .debug_macro   0x0000000000003864       0x4c ./src/main.o
 .debug_macro   0x00000000000038b0       0x4c ./src/main.o
